Godot Engine v4.7.2.stable.official.ed1daf0bf - https://godotengine.org

Setting breakpad minidump AppID = 480
SteamInternal_SetMinidumpSteamID:  Caching Steam ID:  <REDACTED_STEAM_ID> [API loaded no]
SteamClient: <REDACTED_PERSONA> (<REDACTED_STEAM_ID>) is at the test centre; rich presence licensed=1
WaitingRoom: the room waits for 3
WaitingRoom: spawned Learner_1 palette 01 local=true
WaitingRoom: <REDACTED_PERSONA> arrived as palette 01 (1 of 3)
SteamClient: avatar loaded, 64 x 64
Voice: recording
Voice: recording
WaitingRoom: the room waits for 3
Voice: recording
WaitingRoom: peer 1254977683 connected
WaitingRoom: spawned Learner_1 palette 01 local=false
WaitingRoom: spawned Learner_1254977683 palette 02 local=false
WaitingRoom: <REDACTED_PERSONA> (2) arrived as palette 02 (2 of 3)
WaitingRoom: the door for peer 1254977683
WaitingRoom: spawned Learner_1254977683 palette 02 local=true
WaitingRoom: the room waits for 3
WaitingRoom: peer 516133355 connected
WaitingRoom: spawned Learner_1 palette 01 local=false
WaitingRoom: spawned Learner_1254977683 palette 02 local=false
WaitingRoom: spawned Learner_516133355 palette 03 local=false
WaitingRoom: <REDACTED_PERSONA> (3) arrived as palette 03 (3 of 3)
WaitingRoom: the door for peer 516133355
WaitingRoom: spawned Learner_516133355 palette 03 local=false
WaitingRoom: the door for peer 516133355
WaitingRoom: spawned Learner_516133355 palette 03 local=true
Voice: hearing peer 1
Voice: hearing peer 1
Voice: hearing peer 516133355
Voice: hearing peer 516133355
Voice: hearing peer 1254977683
Voice: hearing peer 1254977683
Voice: hearing peer 1
Voice: hearing peer 1
Voice: hearing peer 516133355
Voice: hearing peer 516133355
Voice: hearing peer 1254977683
Voice: hearing peer 1254977683
PASS: navigation privacy, replicated bridges, actual three-peer driving, shared finish/retry and lethal fall
WaitingRoom: peer 516133355 left; 2 in the room
PASS: three development peers launch by RPC, share arrival/timer and return on guest loss
WARNING: 5 ObjectDB instances were leaked at exit (run with `--verbose` for details).
   at: cleanup (core/object/object.cpp:2536)
ERROR: 1 resources still in use at exit (run with --verbose for details).
   at: clear (core/io/resource.cpp:822)
