Godot Engine v4.7.2.stable.official.ed1daf0bf - https://godotengine.org
Vulkan 1.4.349 - Forward+ - Using Device #0: AMD - AMD Radeon RX 7900 XTX

SteamClient: hypps (76561198194031611) is at the test centre; rich presence licensed=1
WaitingRoom: the room waits for 3
WaitingRoom: spawned Learner_1 palette 01 local=true
WaitingRoom: hypps arrived as palette 01 (1 of 3)
SteamClient: avatar loaded, 64 x 64
Voice: recording
Voice: recording
WaitingRoom: the room waits for 3
Voice: recording
WaitingRoom: peer 1717742878 connected
WaitingRoom: spawned Learner_1 palette 01 local=false
WaitingRoom: spawned Learner_1717742878 palette 02 local=false
WaitingRoom: hypps (2) arrived as palette 02 (2 of 3)
WaitingRoom: the door for peer 1717742878
WaitingRoom: spawned Learner_1717742878 palette 02 local=true
WaitingRoom: the room waits for 3
WaitingRoom: peer 80731271 connected
WaitingRoom: spawned Learner_1 palette 01 local=false
WaitingRoom: spawned Learner_1717742878 palette 02 local=false
WaitingRoom: spawned Learner_80731271 palette 03 local=false
WaitingRoom: hypps (3) arrived as palette 03 (3 of 3)
WaitingRoom: the door for peer 80731271
WaitingRoom: spawned Learner_80731271 palette 03 local=false
WaitingRoom: the door for peer 80731271
WaitingRoom: spawned Learner_80731271 palette 03 local=true
BOARD deck: (1.1, 1.600612, 2.051208) supported
BOARD front: (-0.425213, 1.600987, -0.952591)
BOARD roof: (-1.5, 4.250047, 1.881882) supported
BOARD guest pedals: (0.574726, 1.600987, -0.952271)
Voice: hearing peer 1717742878
Voice: hearing peer 1717742878
Voice: hearing peer 1
DRIVE: real three-peer turn, stopped reverse, and persistent parking verified
BOARD correction counts: 2, 3
WaitingRoom: peer 80731271 left; 2 in the room
PASS: three development peers launch by RPC, share arrival/timer and return on guest loss
PASS: physical boarding, roof riding/detachment, guest look, moving release, contention and interruption recovery
