Godot Engine v4.7.2.stable.official.ed1daf0bf - https://godotengine.org
Metal 4.0 - Forward+ - Using Device #0: Apple - Apple M2 Pro (Apple8)

[S_API FAIL] SteamAPI_Init() failed; ipcserver GetSteamPath failed.
[S_API] SteamAPI_Init(): SteamAPI_IsSteamRunning() did not locate a running instance of Steam.
[S_API] SteamAPI_Init(): Could not determine Steam client install directory.
SteamClient: Steam is not running (status 1: Could not determine Steam client install directory.)
FIXTURE: native ENet room bootstrap; Steam login is not under test
WaitingRoom: the room waits for 3
WaitingRoom: spawned Learner_1 palette 01 local=true
WaitingRoom:  arrived as palette 01 (1 of 3)
FIXTURE: native ENet room bootstrap; Steam login is not under test
WaitingRoom: the room waits for 3
FIXTURE: native ENet room bootstrap; Steam login is not under test
WaitingRoom: peer 1839669363 connected
WaitingRoom: spawned Learner_1 palette 01 local=false
WaitingRoom: spawned Learner_1839669363 palette 02 local=false
WaitingRoom:  (2) arrived as palette 02 (2 of 3)
WaitingRoom: the door for peer 1839669363
WaitingRoom: spawned Learner_1839669363 palette 02 local=true
WaitingRoom: the room waits for 3
WaitingRoom: peer 481974535 connected
WaitingRoom: spawned Learner_1 palette 01 local=false
WaitingRoom: spawned Learner_1839669363 palette 02 local=false
WaitingRoom: spawned Learner_481974535 palette 03 local=false
WaitingRoom:  (3) arrived as palette 03 (3 of 3)
WaitingRoom: the door for peer 481974535
WaitingRoom: spawned Learner_481974535 palette 03 local=false
WaitingRoom: the door for peer 481974535
WaitingRoom: spawned Learner_481974535 palette 03 local=true
BOARD deck: (1.1, 1.600612, 2.051208) supported
BOARD front: (-0.375213, 1.600987, -0.902588)
BOARD roof: (-1.5, 4.250047, 1.931885) supported
BOARD guest pedals: (0.573621, 1.600899, -0.948807)
DRIVE: real three-peer turn, stopped reverse, and persistent parking verified
BOARD correction counts: 2, 3
RECOVERY: delayed snapshots, shared ejection, landing, entrapment and collection verified
