Godot Engine v4.7.2.stable.official.ed1daf0bf - https://godotengine.org
Metal 4.0 - Forward+ - Using Device #0: Apple - Apple M2 Pro (Apple8)

[S_API FAIL] SteamAPI_Init() failed; ipcserver GetSteamPath failed.
[S_API] SteamAPI_Init(): SteamAPI_IsSteamRunning() did not locate a running instance of Steam.
[S_API] SteamAPI_Init(): Could not determine Steam client install directory.
SteamClient: Steam is not running (status 1: Could not determine Steam client install directory.)
READY_UP_PROBE: seating three players
ERROR: Condition "ffp != 8" is true. Returning: Ref<AudioStreamPlaybackWAV>()
   at: instantiate_playback (scene/resources/audio_stream_wav.cpp:618)
   GDScript backtrace (most recent call first):
       [0] _process (res://scripts/test_area.gd:157)
ERROR: Failed to instantiate playback.
   at: play_basic (scene/audio/audio_stream_player_internal.cpp:150)
   GDScript backtrace (most recent call first):
       [0] _process (res://scripts/test_area.gd:157)
WaitingRoom: peer 3 left; 2 in the room
WaitingRoom: the host vanished
Transport: ENet hosting a fresh room
WaitingRoom: the room waits for 3
WaitingRoom: spawned Learner_1 palette 01 local=true
WaitingRoom:  arrived as palette 01 (1 of 3)
PASS: three-player ready-up, announcement, cancellation, restart and test-area transition
