Godot Engine v4.7.2.stable.official.ed1daf0bf - https://godotengine.org
Metal 4.0 - Forward+ - Using Device #0: Apple - Apple M2 Pro (Apple8)

[S_API FAIL] SteamAPI_Init() failed; ipcserver GetSteamPath failed.
[S_API] SteamAPI_Init(): SteamAPI_IsSteamRunning() did not locate a running instance of Steam.
[S_API] SteamAPI_Init(): Could not determine Steam client install directory.
SteamClient: Steam is not running (status 1: Could not determine Steam client install directory.)
FIXTURE: native ENet room bootstrap; Steam login is not under test
WaitingRoom: the room waits for 3
WaitingRoom: spawned Learner_1 palette 01 local=true
WaitingRoom:  arrived as palette 01 (1 of 3)
FIXTURE: native ENet room bootstrap; Steam login is not under test
WaitingRoom: the room waits for 3
FIXTURE: native ENet room bootstrap; Steam login is not under test
WaitingRoom: peer 1640280215 connected
WaitingRoom: spawned Learner_1 palette 01 local=false
WaitingRoom: spawned Learner_1640280215 palette 02 local=false
WaitingRoom:  (2) arrived as palette 02 (2 of 3)
WaitingRoom: the door for peer 1640280215
WaitingRoom: spawned Learner_1640280215 palette 02 local=true
WaitingRoom: the room waits for 3
WaitingRoom: peer 605863421 connected
WaitingRoom: spawned Learner_1 palette 01 local=false
WaitingRoom: spawned Learner_1640280215 palette 02 local=false
WaitingRoom: spawned Learner_605863421 palette 03 local=false
WaitingRoom:  (3) arrived as palette 03 (3 of 3)
WaitingRoom: the door for peer 605863421
WaitingRoom: spawned Learner_605863421 palette 03 local=false
WaitingRoom: the door for peer 605863421
WaitingRoom: spawned Learner_605863421 palette 03 local=true
FAIL: guest tyres keep rolling through host-owned physical aftermath
FAIL: guest aftermath releases visible throttle and load sound
FAILURE: shared concession, examiner, aftermath, changed choices and synchronized retry verified
WaitingRoom: peer 605863421 left; 2 in the room
Traceback (most recent call last):
  File "<string>", line 1, in <module>
  File "/Library/Developer/CommandLineTools/Library/Frameworks/Python3.framework/Versions/3.9/lib/python3.9/subprocess.py", line 528, in run
    raise CalledProcessError(retcode, process.args,
subprocess.CalledProcessError: Command '['/Users/emka/Downloads/Godot.app/Contents/MacOS/Godot', '--path', '/private/tmp/licensed-04-macos-verification', '--script', 'res://tests/verify_launch_network.gd', '--', '--failure']' returned non-zero exit status 1.
