Godot Engine v4.7.2.stable.official.ed1daf0bf - https://godotengine.org

ERROR: Condition "ret != noErr" is true. Returning: ""
   at: get_system_ca_certificates (platform/macos/os_macos.mm:1035)
[   0% ] [90m[1mfirst_scan_filesystem[22m | Started Project initialization (5 steps)[39m[0m
[   0% ] [90m[1mfirst_scan_filesystem[22m | Scanning file structure...[39m[0m
[  16% ] [90m[1mfirst_scan_filesystem[22m | Loading global class names...[39m[0m
[  33% ] [90m[1mfirst_scan_filesystem[22m | Verifying GDExtensions...[39m[0m
[  50% ] [90m[1mfirst_scan_filesystem[22m | Creating autoload scripts...[39m[0m
[  66% ] [90m[1mfirst_scan_filesystem[22m | Initializing plugins...[39m[0m
[  83% ] [90m[1mfirst_scan_filesystem[22m | Starting file scan...[39m[0m
[92m[ DONE ][39m [1mfirst_scan_filesystem[22m
[0m
[   0% ] [90m[1mupdate_scripts_classes[22m | Started Registering global classes... (7 steps)[39m[0m
[   0% ] [90m[1mupdate_scripts_classes[22m | [39m[0m
[  12% ] [90m[1mupdate_scripts_classes[22m | MonsterTruck[39m[0m
[  25% ] [90m[1mupdate_scripts_classes[22m | TruckBoarding[39m[0m
[  37% ] [90m[1mupdate_scripts_classes[22m | TruckPresentation[39m[0m
[  50% ] [90m[1mupdate_scripts_classes[22m | TruckSound[39m[0m
[  62% ] [90m[1mupdate_scripts_classes[22m | [39m[0m
[  75% ] [90m[1mupdate_scripts_classes[22m | [39m[0m
[92m[ DONE ][39m [1mupdate_scripts_classes[22m
[0m
[   0% ] [90m[1m_update_scan_actions[22m | Started Scanning actions... (11 steps)[39m[0m
[   0% ] [90m[1m_update_scan_actions[22m | cabin_rattle.wav[39m[0m
[   8% ] [90m[1m_update_scan_actions[22m | engine_idle.wav[39m[0m
[  16% ] [90m[1m_update_scan_actions[22m | engine_load.wav[39m[0m
[  25% ] [90m[1m_update_scan_actions[22m | impact.wav[39m[0m
[  33% ] [90m[1m_update_scan_actions[22m | suspension.wav[39m[0m
[  41% ] [90m[1m_update_scan_actions[22m | tyre_scrub.wav[39m[0m
[  50% ] [90m[1m_update_scan_actions[22m | preview_cabin.png[39m[0m
[  58% ] [90m[1m_update_scan_actions[22m | preview_front.png[39m[0m
[  66% ] [90m[1m_update_scan_actions[22m | preview_rear.png[39m[0m
[  75% ] [90m[1m_update_scan_actions[22m | temporary_failure.wav[39m[0m
[  83% ] [90m[1m_update_scan_actions[22m | truck.glb[39m[0m
[92m[ DONE ][39m [1m_update_scan_actions[22m
[0m
[   0% ] [90m[1mreimport[22m | Started (Re)Importing Assets (10 steps)[39m[0m
[   0% ] [90m[1mreimport[22m | Preparing files to reimport...[39m[0m
[   9% ] [90m[1mreimport[22m | Preparing files to reimport...[39m[0m
[  18% ] [90m[1mreimport[22m | Preparing files to reimport...[39m[0m
[  27% ] [90m[1mreimport[22m | Preparing files to reimport...[39m[0m
[  36% ] [90m[1mreimport[22m | Preparing files to reimport...[39m[0m
[  45% ] [90m[1mreimport[22m | Preparing files to reimport...[39m[0m
[  54% ] [90m[1mreimport[22m | Preparing files to reimport...[39m[0m
[  63% ] [90m[1mreimport[22m | Preparing files to reimport...[39m[0m
[  72% ] [90m[1mreimport[22m | Preparing files to reimport...[39m[0m
[  81% ] [90m[1mreimport[22m | Preparing files to reimport...[39m[0m
[   0% ] [90m[1mreimport[22m | Executing pre-reimport operations...[39m[0m
[   0% ] [90m[1mreimport[22m | preview_cabin.png[39m[0m
[   9% ] [90m[1mreimport[22m | preview_front.png[39m[0m
[  18% ] [90m[1mreimport[22m | preview_rear.png[39m[0m
[  27% ] [90m[1mreimport[22m | preview_cabin.png[39m[0m
[  36% ] [90m[1mreimport[22m | preview_front.png[39m[0m
[  45% ] [90m[1mreimport[22m | preview_rear.png[39m[0m
[  54% ] [90m[1mreimport[22m | cabin_rattle.wav[39m[0m
[  63% ] [90m[1mreimport[22m | engine_idle.wav[39m[0m
[  72% ] [90m[1mreimport[22m | engine_load.wav[39m[0m
[  81% ] [90m[1mreimport[22m | truck.glb[39m[0m
[   0% ] [90m[1mimport[22m | Started Import Scene (104 steps)[39m[0m
[   0% ] [90m[1mimport[22m | Importing Scene...[39m[0m
[   1% ] [90m[1mimport[22m | Running Custom Script...[39m[0m
[  99% ] [90m[1mimport[22m | Saving...[39m[0m
[92m[ DONE ][39m [1mimport[22m
[0m
[  90% ] [90m[1mreimport[22m | Finalizing Asset Import...[39m[0m
[92m[ DONE ][39m [1mreimport[22m
[0m
[   0% ] [90m[1mreimport[22m | Started (Re)Importing Assets (10 steps)[39m[0m
[   0% ] [90m[1mreimport[22m | Executing post-reimport operations...[39m[0m
[92m[ DONE ][39m [1mreimport[22m
[0m
[   0% ] [90m[1mloading_editor_layout[22m | Started Loading editor (5 steps)[39m[0m
[   0% ] [90m[1mloading_editor_layout[22m | Loading editor layout...[39m[0m
[  16% ] [90m[1mloading_editor_layout[22m | Loading docks...[39m[0m
[92m[ DONE ][39m [1mloading_editor_layout[22m
[0m
ERROR: Cannot save file '/Users/emka/Library/Application Support/Godot/editor_settings-4.7.tres'.
   at: save (scene/resources/resource_format_text.cpp:1768)
ERROR: Error saving editor settings to /Users/emka/Library/Application Support/Godot/editor_settings-4.7.tres
   at: save (editor/settings/editor_settings.cpp:1525)
