/Users/emka/Projects/licensed/assets/slice_0/player/source/build_player.py:25: DeprecationWarning: 'Material.use_nodes' is expected to be removed in Blender 6.0
  m=bpy.data.materials.new(name); m.diffuse_color=rgba(color); m.use_nodes=True
Info: Saved as "learner.blend"
INFO Draco is available, use library at /Volumes/Blender/Blender.app/Contents/Resources/5.2/scripts/addons_core/io_scene_gltf2/libbf_intern_draco_bridge.dylib
INFO MeshOptimizer is available, use library at /Volumes/Blender/Blender.app/Contents/Resources/5.2/scripts/addons_core/io_scene_gltf2/libbf_intern_meshopt_bridge.dylib
12:19:01 | INFO: Starting glTF 2.0 export
12:19:01 | INFO: Extracting primitive: Cube.059
12:19:01 | INFO: Primitives created: 1
12:19:01 | INFO: Extracting primitive: Cube.062
12:19:01 | INFO: Primitives created: 1
12:19:01 | INFO: Extracting primitive: Cube.063
12:19:01 | INFO: Primitives created: 1
12:19:01 | INFO: Extracting primitive: Cube.064
12:19:01 | INFO: Primitives created: 1
12:19:01 | INFO: Extracting primitive: Cube.060
12:19:01 | INFO: Primitives created: 1
12:19:01 | INFO: Extracting primitive: Cube.061
12:19:01 | INFO: Primitives created: 1
12:19:01 | INFO: Extracting primitive: Cube.058
12:19:01 | INFO: Primitives created: 1
12:19:01 | INFO: Extracting primitive: Cube.057
12:19:01 | INFO: Primitives created: 1
12:19:01 | INFO: Extracting primitive: Cube.085
12:19:01 | INFO: Primitives created: 1
12:19:01 | INFO: Extracting primitive: Cube.088
12:19:01 | INFO: Primitives created: 1
12:19:01 | INFO: Extracting primitive: Cube.089
12:19:01 | INFO: Primitives created: 1
12:19:01 | INFO: Extracting primitive: Cube.090
12:19:01 | INFO: Primitives created: 1
12:19:01 | INFO: Extracting primitive: Cube.086
12:19:01 | INFO: Primitives created: 1
12:19:01 | INFO: Extracting primitive: Cube.087
12:19:01 | INFO: Primitives created: 1
12:19:01 | INFO: Extracting primitive: Cube.084
12:19:01 | INFO: Primitives created: 1
12:19:01 | INFO: Extracting primitive: Cube.083
12:19:01 | INFO: Primitives created: 1
12:19:01 | INFO: Extracting primitive: Cube.016
12:19:01 | INFO: Primitives created: 1
12:19:01 | INFO: Extracting primitive: Cube.015
12:19:01 | INFO: Primitives created: 1
12:19:01 | INFO: Extracting primitive: Cube.006
12:19:01 | INFO: Primitives created: 1
12:19:01 | INFO: Extracting primitive: Cube.010
12:19:01 | INFO: Primitives created: 1
12:19:01 | INFO: Extracting primitive: Cube.018
12:19:01 | INFO: Primitives created: 1
12:19:01 | INFO: Extracting primitive: Cube.019
12:19:01 | INFO: Primitives created: 1
12:19:01 | INFO: Extracting primitive: Cube.029
12:19:01 | INFO: Primitives created: 1
12:19:01 | INFO: Extracting primitive: Cube.024
12:19:01 | INFO: Primitives created: 1
12:19:01 | INFO: Extracting primitive: Cube.025
12:19:01 | INFO: Primitives created: 1
12:19:01 | INFO: Extracting primitive: Cube.026
12:19:01 | INFO: Primitives created: 1
12:19:01 | INFO: Extracting primitive: Cube.028
12:19:01 | INFO: Primitives created: 1
12:19:01 | INFO: Extracting primitive: Cube.027
12:19:01 | INFO: Primitives created: 1
12:19:01 | INFO: Extracting primitive: Cube.037
12:19:01 | INFO: Primitives created: 1
12:19:01 | INFO: Extracting primitive: Cube.038
12:19:01 | INFO: Primitives created: 1
12:19:01 | INFO: Extracting primitive: Cube.036
12:19:01 | INFO: Primitives created: 1
12:19:01 | INFO: Extracting primitive: Cube.035
12:19:01 | INFO: Primitives created: 1
12:19:01 | INFO: Extracting primitive: Cube.030
12:19:01 | INFO: Primitives created: 1
12:19:01 | INFO: Extracting primitive: Cube.031
12:19:01 | INFO: Primitives created: 1
12:19:01 | INFO: Extracting primitive: Cube.032
12:19:01 | INFO: Primitives created: 1
12:19:01 | INFO: Extracting primitive: Cube.034
12:19:01 | INFO: Primitives created: 1
12:19:01 | INFO: Extracting primitive: Cube.033
12:19:01 | INFO: Primitives created: 1
12:19:01 | INFO: Extracting primitive: Cube.020
12:19:01 | INFO: Primitives created: 1
12:19:01 | INFO: Extracting primitive: Cube.021
12:19:01 | INFO: Primitives created: 1
12:19:01 | INFO: Extracting primitive: Cube.022
12:19:01 | INFO: Primitives created: 1
12:19:01 | INFO: Extracting primitive: Cube.023
12:19:01 | INFO: Primitives created: 1
12:19:01 | INFO: Extracting primitive: Cube.002
12:19:01 | INFO: Primitives created: 1
12:19:01 | INFO: Extracting primitive: Cube.014
12:19:01 | INFO: Primitives created: 1
12:19:01 | INFO: Extracting primitive: Cube.041
12:19:01 | INFO: Primitives created: 1
12:19:01 | INFO: Extracting primitive: Cube.040
12:19:01 | INFO: Primitives created: 1
12:19:01 | INFO: Extracting primitive: Cube.043
12:19:01 | INFO: Primitives created: 1
12:19:01 | INFO: Extracting primitive: Cube.044
12:19:01 | INFO: Primitives created: 1
12:19:01 | INFO: Extracting primitive: Cube.045
12:19:01 | INFO: Primitives created: 1
12:19:01 | INFO: Extracting primitive: Cube.053
12:19:01 | INFO: Primitives created: 1
12:19:01 | INFO: Extracting primitive: Cube.054
12:19:01 | INFO: Primitives created: 1
12:19:01 | INFO: Extracting primitive: Cube.052
12:19:01 | INFO: Primitives created: 1
12:19:01 | INFO: Extracting primitive: Cube.047
12:19:01 | INFO: Primitives created: 1
12:19:01 | INFO: Extracting primitive: Cube.048
12:19:01 | INFO: Primitives created: 1
12:19:01 | INFO: Extracting primitive: Cube.046
12:19:01 | INFO: Primitives created: 1
12:19:01 | INFO: Extracting primitive: Cube.042
12:19:01 | INFO: Primitives created: 1
12:19:01 | INFO: Extracting primitive: Cube.050
12:19:01 | INFO: Primitives created: 1
12:19:01 | INFO: Extracting primitive: Cube.051
12:19:01 | INFO: Primitives created: 1
12:19:01 | INFO: Extracting primitive: Cube.049
12:19:01 | INFO: Primitives created: 1
12:19:01 | INFO: Extracting primitive: Cube.056
12:19:01 | INFO: Primitives created: 1
12:19:01 | INFO: Extracting primitive: Cube.055
12:19:01 | INFO: Primitives created: 1
12:19:01 | INFO: Extracting primitive: Cube.039
12:19:01 | INFO: Primitives created: 1
12:19:01 | INFO: Extracting primitive: Cube.017
12:19:01 | INFO: Primitives created: 1
12:19:01 | INFO: Extracting primitive: Cube.007
12:19:01 | INFO: Primitives created: 1
12:19:01 | INFO: Extracting primitive: Cube.011
12:19:01 | INFO: Primitives created: 1
12:19:01 | INFO: Extracting primitive: Cube.008
12:19:01 | INFO: Primitives created: 1
12:19:01 | INFO: Extracting primitive: Cube.012
12:19:01 | INFO: Primitives created: 1
12:19:01 | INFO: Extracting primitive: Cube.003
12:19:01 | INFO: Primitives created: 1
12:19:01 | INFO: Extracting primitive: Cube.067
12:19:01 | INFO: Primitives created: 1
12:19:01 | INFO: Extracting primitive: Cube.066
12:19:01 | INFO: Primitives created: 1
12:19:01 | INFO: Extracting primitive: Cube.069
12:19:01 | INFO: Primitives created: 1
12:19:01 | INFO: Extracting primitive: Cube.070
12:19:01 | INFO: Primitives created: 1
12:19:01 | INFO: Extracting primitive: Cube.071
12:19:01 | INFO: Primitives created: 1
12:19:01 | INFO: Extracting primitive: Cube.078
12:19:01 | INFO: Primitives created: 1
12:19:01 | INFO: Extracting primitive: Cube.079
12:19:01 | INFO: Primitives created: 1
12:19:01 | INFO: Extracting primitive: Cube.080
12:19:01 | INFO: Primitives created: 1
12:19:01 | INFO: Extracting primitive: Cube.072
12:19:01 | INFO: Primitives created: 1
12:19:01 | INFO: Extracting primitive: Cube.073
12:19:01 | INFO: Primitives created: 1
12:19:01 | INFO: Extracting primitive: Cube.074
12:19:01 | INFO: Primitives created: 1
12:19:01 | INFO: Extracting primitive: Cube.068
12:19:01 | INFO: Primitives created: 1
12:19:01 | INFO: Extracting primitive: Cube.076
12:19:01 | INFO: Primitives created: 1
12:19:01 | INFO: Extracting primitive: Cube.077
12:19:01 | INFO: Primitives created: 1
12:19:01 | INFO: Extracting primitive: Cube.075
12:19:01 | INFO: Primitives created: 1
12:19:01 | INFO: Extracting primitive: Cube.082
12:19:01 | INFO: Primitives created: 1
12:19:01 | INFO: Extracting primitive: Cube.081
12:19:01 | INFO: Primitives created: 1
12:19:01 | INFO: Extracting primitive: Cube.065
12:19:01 | INFO: Primitives created: 1
12:19:01 | INFO: Extracting primitive: Cube.009
12:19:01 | INFO: Primitives created: 1
12:19:01 | INFO: Extracting primitive: Cube.013
12:19:01 | INFO: Primitives created: 1
12:19:01 | INFO: Extracting primitive: Cube.004
12:19:01 | INFO: Primitives created: 1
12:19:01 | INFO: Extracting primitive: Cube.005
12:19:01 | INFO: Primitives created: 1
12:19:01 | INFO: Extracting primitive: Cube.001
12:19:01 | INFO: Primitives created: 1
12:19:01 | INFO: Finished glTF 2.0 export in 0.09064602851867676 s
00:03.677  render           | Saved: '/Users/emka/Projects/licensed/assets/slice_0/player/portrait_1.png'
00:05.687  render           | Saved: '/Users/emka/Projects/licensed/assets/slice_0/player/portrait_2.png'
00:07.667  render           | Saved: '/Users/emka/Projects/licensed/assets/slice_0/player/portrait_3.png'
00:14.151  render           | Saved: '/Users/emka/Projects/licensed/assets/slice_0/player/preview.png'

Blender 5.2.1 LTS (hash 9e2066aef7ef built 2026-08-25 01:35:57)

Blender quit
