Godot Engine v4.7.2.stable.official.ed1daf0bf - https://godotengine.org
Metal 4.0 - Forward+ - Using Device #0: Apple - Apple M2 Pro (Apple8)

[S_API FAIL] SteamAPI_Init() failed; ipcserver GetSteamPath failed.
[S_API] SteamAPI_Init(): SteamAPI_IsSteamRunning() did not locate a running instance of Steam.
[S_API] SteamAPI_Init(): Could not determine Steam client install directory.
SteamClient: Steam is not running (status 1: Could not determine Steam client install directory.)
FIXTURE: native ENet room bootstrap; Steam login is not under test
WaitingRoom: the room waits for 3
WaitingRoom: spawned Learner_1 palette 01 local=true
WaitingRoom:  arrived as palette 01 (1 of 3)
FIXTURE: native ENet room bootstrap; Steam login is not under test
WaitingRoom: the room waits for 3
FIXTURE: native ENet room bootstrap; Steam login is not under test
WaitingRoom: peer 67932329 connected
WaitingRoom: spawned Learner_1 palette 01 local=false
WaitingRoom: spawned Learner_67932329 palette 02 local=false
WaitingRoom:  (2) arrived as palette 02 (2 of 3)
WaitingRoom: the door for peer 67932329
WaitingRoom: spawned Learner_67932329 palette 02 local=true
WaitingRoom: the room waits for 3
WaitingRoom: peer 295278378 connected
WaitingRoom: spawned Learner_1 palette 01 local=false
WaitingRoom: spawned Learner_67932329 palette 02 local=false
WaitingRoom: spawned Learner_295278378 palette 03 local=false
WaitingRoom:  (3) arrived as palette 03 (3 of 3)
WaitingRoom: the door for peer 295278378
WaitingRoom: spawned Learner_295278378 palette 03 local=false
WaitingRoom: the door for peer 295278378
WaitingRoom: spawned Learner_295278378 palette 03 local=true
FAILURE: shared concession, examiner, aftermath, changed choices and synchronized retry verified
WaitingRoom: peer 295278378 left; 2 in the room
PASS: three development peers launch by RPC, share arrival/timer and return on guest loss
NATIVE_EXIT 0 SECONDS 24.78
