Godot Engine v4.7.2.stable.official.ed1daf0bf - https://godotengine.org
Vulkan 1.4.349 - Forward+ - Using Device #0: AMD - AMD Radeon RX 7900 XTX

SteamClient: hypps (76561198194031611) is at the test centre; rich presence licensed=1
WaitingRoom: the room waits for 3
WaitingRoom: spawned Learner_1 palette 01 local=true
WaitingRoom: hypps arrived as palette 01 (1 of 3)
SteamClient: avatar loaded, 64 x 64
Voice: recording
Voice: recording
WaitingRoom: the room waits for 3
Voice: recording
WaitingRoom: peer 632203537 connected
WaitingRoom: spawned Learner_1 palette 01 local=false
WaitingRoom: spawned Learner_632203537 palette 02 local=false
WaitingRoom: hypps (2) arrived as palette 02 (2 of 3)
WaitingRoom: the door for peer 632203537
WaitingRoom: spawned Learner_632203537 palette 02 local=true
WaitingRoom: the room waits for 3
WaitingRoom: peer 585547040 connected
WaitingRoom: spawned Learner_1 palette 01 local=false
WaitingRoom: spawned Learner_632203537 palette 02 local=false
WaitingRoom: spawned Learner_585547040 palette 03 local=false
WaitingRoom: hypps (3) arrived as palette 03 (3 of 3)
WaitingRoom: the door for peer 585547040
WaitingRoom: spawned Learner_585547040 palette 03 local=false
WaitingRoom: the door for peer 585547040
WaitingRoom: spawned Learner_585547040 palette 03 local=true
BOARD deck: (1.1, 1.600621, 2.051117) supported
BOARD front: (-0.5, 1.600621, -0.84906)
BOARD roof: (-1.5, 4.25004, 1.882019) supported
BOARD guest pedals: (0.500038, 1.600618, -0.850128)
BOARD correction counts: 1, 1
WaitingRoom: peer 585547040 left; 2 in the room
PASS: three development peers launch by RPC, share arrival/timer and return on guest loss
PASS: physical boarding, roof riding/detachment, guest look, moving release, contention and interruption recovery
